// Jest Snapshot v1, https://goo.gl/fbAQLP

exports[`test Box render correctly 1`] = `
<View
  style={
    Array [
      Object {
        "alignItems": "center",
        "backgroundColor": "red",
        "borderBottomWidth": 1,
        "borderRadius": 4,
        "flex": 1,
        "flexDirection": "row",
        "justifyContent": "center",
      },
      undefined,
    ]
  }
>
  <Text>
    Centered text
  </Text>
</View>
`;
